// Jest Snapshot v1, https://goo.gl/fbAQLP

exports[`part 1 given "case-1.txt" it matches snapshot 1`] = `"dabCBAcaDA"`;

exports[`part 1 given "index.txt" it matches snapshot 1`] = `"JQdJkHnAVfxKDoWGYgAiGSnerpIrLrELEONSXNkVAJDxaiBQNNZYQvUgIFZOhYvvLUNyZMVPiESKCEGEMLTjYYLMyIyjaflikQjVgDytPmQWsrsJFeqzfwEMPgadORnYHOuExqWpChqBcxyRewqfbSRqDLnRYxpkrpvCAnDXdFcEwstomkQUUAWEddhbYbfuTZuBIEbgLWynJirXlaZXsoncJhSRpswXSZBggoVlumHQneXTwzKUEItBwPIXTGPgCPScumxUWScWYsDBLnPyeOEzGoSAAzBIXYxhdRVVTBxvnGSneibzgdXGqTmUzAoTigOxGllYdViQioFnEwnzeCQtQtxnevmdvTmwcUOYxzJzemnYKLLRTHJahfgpikNExYOaWPnXbZBETdpRLGSvoeLqdIMeoRPgVxZnnvsjLeOuCDrsiKOOlzvvRiSCYaXhXeKmAgnUnXHnHcEwNTOTSkClwBzkSeWrfMPJuxBUFqgqrUOtLaowrmOpoKGmAJXqaMuVmsbGdvdpMLVlwbuzEqlMkcBppaoViATygUMVRfEbvcAPvBIVeWmmNPUQmzKRsceuflyAbTvzBGrXZMZIvBuCRoKXteUnMPWEuXWHRFTbmlCLgudEBhdLmlXtZbMgUNEXVsFQRLgJtvTnYiypHTXTpOlKmUlSepsJGTeGAFvUvRkrtvMbTwcsRAeRQyOVEWVhVHSDzUiYZAjlDkZbcPKFDrdCEbbfJeRPLvJAzQSACJfhTlbAGZYzGkxAUlCrlmtlMvxTIbQHtLEDZkMzGbsQBgiTIqvyhsPRvvNjFizizlPRpaNgTvMjWVsXJEiWKDlkwdaNzibsrOrvGalKnsmESqykmmeLdLhbtPgFyIoPvbpKLgMOXaSPkRzTZmJLMgQWibANTPgOTNbpgikjzcVPqdYmztemsltfOXwlxLftYDkuIVjCKvJprZQiikFAwRVWeZWFVnOZFTwqZYsReiLbkRQlNDmqMQNxShzeryXlezJvXCNXNFVLJkDuTiDAythsvSHWfoFFSXrkBlaZoYKrjoNYjpnzLtWtsmudaptgqXfuWaInxIepaDlfBaVhzjzdFFkTByWkcKYTiuPSvrBxLbXEcyffZliwdpRTuvrKwzbQrzxtqEvNatJNMkGZmlbQQzyUDkviUAqtOvwQBSlUHjzWZrbcPcxyXtSXrMOTGXNdwsNAuLBFAXuaDUAzfKyCsAOybwKMXsIGlgBBLVKKEDoDAVZXnLMBScxHqGDiEbvgURDsfHgWetELkmqsrGVaHOXeCQPgQwYxMdirtBthYOBOVuZYlNqsCvgKbAJabhqjKhpbkbeHBEsjDwvrBFamRzshghrarQAYWrgpaNvpQHlTunMWZrOhbOLpmDRxzXXgFTVLmJCCkjfyZjssHXLtygUWlZrVhgxRqSBXwHyIRSfMjPkHxriGwAbEtzlojSMuHfwwdkDDFiZegBjGDoFnRyqthSnhkdAsPOqXSxsVSDCpnovUnGeQxYjOyaChQpaPUzpEpbOSClbyAMbuvhgweUfzmCGXiTcBovWItEukJPGKIHDmRLBwyByQXcWApdftMHVIFUMDoJhxLyBBijVeGcAJgZapeLBdwRJbxumNhTnOVkWEKmbAoaDuZMpDNFJDHxBRbNVOfxZpyBfEsfhkZkXvAvFlXrzkAmfbDtoZcVnqWBIRleivCMiyWPUCxTbZkAdSMftsipoTVmEcFGNCjPXwaOgJlWrqxmzDaCRVGDVgiQawKIxxPSiwdlEmlYNMIOjZhqzMRgZauPLYGcshYlVYlUhCMHNutBughknZrVaPEFMYqSdjYnpoQhBkIQxMPPjtVQUqtNIDptpJTSfBwYDmIPyqgZTsecGjlDKibXizDpWHFrTVbNCDseJygloqTApnMSrMbViCRjjILhpolEWeRAEZIYSXZgMGmaZugtXIKxWZPJlVrBsVyWDmWUgWyLazlXifTZpzqbjdhEjEBNSGallbXFuQpmEtvpOgtlGquLFmTSPHjhbYOeMqAjCJlaLqYXOKXSZDWTsegMnRqHFsVavItNBcQjPVpwaYTJKWAVNIgTTOmOWUIcxGptBevZRbxsBihnXDCyKqthrZAXZswwcTRfdcRGxgtbDnnWRAlOfSHJQRWmanyunPNRHKyXJJenuHGJlqzlkSICIRkqvqmeSiHeXGFTKVUbZrFoBErrmZULPsQxYYMfMoLTmOtILmWhmVzGKRfJqpbydPoaHuDGHHpFmbQIrJfuTgUokjOhYMTkIDPowKKoGUOjuTkuXFXQdqaXqmwbYdOLRlFdSPBFeWrhsbbnZwjsFxLPsVVgUyCQFEcWKXZesohUDsjxQSiqmCYNJLQVhNujsOhJqedecaugAroosHPQWxjacKsCvqtiXGneVmPATmxAwDmodhTSWxZTzbgllEnIOMcShCWcSBKMSwLderpCiWJdeVVKtFqzVgCIRBkiJpoMNlzfkdwYaKXsgzIzwfRGwaZTuQEYbVlXmcrXBdimhusEgQOxEaFEFJoISLcbgvQubEzBZCnXUDenYHGXyRkWOTChXrDgyJXqXVDNMLAiXiPGcDvrnkVxeBXPqXlpZYGMxURhIfSkMokTHiUNOJOsleeTVwEnBgViMsRlkoPOtbhaOsRurIRMkVmEiEkzjPuQeJcyUybbrSZZniYSmCdewSfOQWpCmrvnoQtMlXVMJFzQTrNwZcPLvvYCsKlXzSjRRVCEVJQvqipOOYmwoKcqXGLJwwwkUOiodlFawPhXThuyZSgjyjREXKAvoIpcACJcZpsNLMAevpkgeonumpxBFkqGZZxJPoqGoFIopkVkagcSVCUWzAmNCPaOCgaEayEysQlndqlKxIPgIqKbocqnGwbgdHGatsZXPxtVBDYtkZkXRmRKXvNyDnlNkEOkBVCHkHwgmHCbZbbduzCmtXoPXBceVRgSdadXVMARuvTBdvYiLKLRoBNKxcpJMywYoFsEAYpFpMcOhjEkluDNGoCruFKippjUUkohjyNPqEkkuRNlayXPvmTJArqRsqEUmmAuckOMjflrTjTQuyuxPHLOnFIwoJgzlyUIuVVHqiNaoYHflUjEwdEGqYRPPICHLfmpnJXFqpumhuJlxOvmpDmtDqGjLvePBUIzNhVJKhmAxhgXhBYGpkjILeeDqYzvvWDHsvJxkYlOVAEDuNDhLflGDIapkgQpBTJvNNONTfRBSYFmmuWPZmPDDUfeRsnLKbNAGWGnIQmGBjZgYXEIMTMshcWYKaIFgdauWyQtagXYUpwnjBmXDSkyhvOxtxZGTDcASeRgJoUXNqZrteZHYYBFwKLWTZpKVfHmRsdBixTdiAVtErJUwZTRCgmzyVHiCAWOJtrXBYEStgVAmIzJAUhJeupvxwgjMkOcFMBLQneBQvSDpOwzadrMEuyKugvApoSQhjfQZsfcQeXUCHpicwKsfvDFRRRthSpAckVckZgyxlAFDXLYmAqPAlXnGtacHxoyTMKFnelSwiaHHvPYeUQKqqMpvfGsKXQwSoXAxPXHVThdJaxkEQhUwNYBIDaxCSjzPywDRfLGqWuETsigijpZFGxErvrpZfpyfJLoCseAOtUGoCqYWvZATyXvhujxvcWTOHHnkaJCVHrBoLiTuzfRePsWetCIXfafzIHsqsMcsmdmCpvIqSWerpwIxGfdxqfaqgMxkppLYCjOjrwVYMbaxzgKyLPLyAXXdTxsRYPMUmjUQkrFGHxwhOkUFCMZyLyAFWobNoseltUNhZfUinqHrwpGVjhKzhyhRswUPQGUYEdZSISWcnnqjhjvDRoTTbudNPwivNSmBHRvqmjxffxrluDZLoNZssMUPyLWONGCqLYxGzVwDEAwtANlwpszfLrmoEVSbxOKhLwAohLaGpJRFeUaHzSZjgDNVgsGLgtztkULMBQvjNzEhdUIBxpUfHIFHAkQgofujTIKHaZVjCQXOuAKuQBDTmmtFmrXKHQNCqqJSdkIKqmveCNAgvkqLFZJvXNlDRcYfSyvBlQHjXuVhubgTAQTYsMzfwBDRBBeFkqtgzNRXngIWOzHNlNoBrOQLmKhpfWCsabOwKXkYOVdnCCoMfgFJQxrxpbjSpDIKEsnySKtCscAWAwmiLhbHXMyPReTDugMbQXGEFuhstXJSkEaWCCfRunbjHbvebDbObKPlOXsXthBjhIeVGknjXCTohytmsfkUresuLTVUoaPfdmVDCuBInfgvYharmQdqGfkMevHWGHvjbwKMiLqFTRTixfgUnPwbijVlHbISBkNeQkSLjikWgWoBWenPSyaJfuoSZXjEWEQNdIyaJaDodtuWTxWsrVBYXKxQLgvmpazNqrWXvMwbDRpXavdHQKbiPZmJbuwjtndxlBeLZCfNADXVzNDAANgbeVBwIKeVCwbihtoVLssUpnyfgaJEbzjvjsNLgzCtCycrTochYUcetCfnSmqbCIqSkXblpKHHuXgqoNimxGmHYkIchfqAQeerCzvegOVpmaXyPLsUpALZJMsYJtCRTnlWnGARHDKVWneCIVtoSRuuTGEGGXgOwVutinvHPGhKFTvdNSdnvLpevPmtjpzTzCVAGZwQHNruKLgqDzpmwzhAoROmnFZLSyHxHLRSJzyjNRlPmVcDvlDalaJDZxdLkLaHlgLHWNStlvjwdtIsBykUNyKwiYlUFijrgoZGCkncQrqIIHPUMNPbHZGPanzPfXjMTXILjyWEDIAPhPrgdXdUPGWhPDKhDrQaoKwLRxavkPRFFUSxkpboNgZaqeqqiLWSlqORVjOUTGSGlGEjttfYdvebYljXXpSbGGDaOtLcLLPgLtVGlVrasvYBcmhabZBNGokLfPTNZNQLdGYGucERleiDqTGYUWhlKWkigPQaBWNNNLJkgoAHIDRNeWCBeRWDujpmqXHepeyCJFOpMPUUlBtLKMhPdyObRJnvjEnQaXATFlvqGbKcBfnlDaksYEYUkEovKtHCXLuoiaPPJiguVNvNRgLiOircyIeaHUHsBtHHjkgsKJufsjzyIYkuVOemXySnspxHPNohVpRQWkmAfUrsPfEdaRFyxxDuyhUFAyxLvfbPMREseSAncxLAKUDeYecRtlSLRiwXgaYXsbtMrXDCbujdcwBKhWQUvDlwaNXpFLrdVJERNeQNXnUkCuwNoEuMrvsJhqFZmuTYMlZPcDPnYKsjPrjDktilUnIuogOAyktiANMqkgmTLVAdESDltWvROKXloTqUVivbMgNhLvjduSgUjLpdbXkWUBykrUAckpzxkMrvzUdnibVijLAvLiMSLcOSlGisnouutrWeffQBPuXvQBOLXaRKjNsLjmeNrMsRfpXbHKNMMXljLvRExyvRiGczISnWcFcULamWRQRZCOmdtErVCJYpsUeVPKwnLveDWcfsRiQJeoJMOtarIerEtXHRAcVCarhxTeREiRATomjOEjqIrSFCwdEVlNWkpvEuSPyjcvReTDMoczrqrwMAluCfCwNsiZCgIrVYXerVlJLxmmnkhBxPFrSmRnEMJlSnJkrAxlobqVxUpbqFFEwRTUUONSIgLsoClsmIlValJIvBINDuZVRmKXZPKCauRKYbuwKxBDPlJuGsUDJVlHnGmBVIvuQtOLxkorVwTLdseDavltMGKQmnaITKYaoGOUiNuLITKdJRpJSkyNpdCpzLmytUMzfQHjSVRmUeOnWUcKuNxnqEnrejvDRlfPxnAWLdVuqwHkbWCDJUBcdxRmTBSxyAGxWIrlsLTrCEyEdukalXCNasESermpBFVlXYafuHYUdXXYfrADeFpSRuFaMKwqrPvHOnphXPSNsYxMEovUKyiYZJSFUjkSGKJhhTbShuhAEiYCRIoIlGrnVnvUGIjppAIOUlxchTkVOeKuyeySKAdLNFbCkBgQVLftaxAqNeJVNjrBoYDpHmklTbLuupmPofjcYEPEhxQMPJUdwrEbcwEnrdihaOGKjlnnnwbAqpGIKwkLHwuygtQdIELreCUgygDlqnzntpFlKOgnbzBAHMCbyVSARvLgvTlGpllClToAdggBsPxxJLyBEVDyFTTJegLgsgtuoJvroQLswlIQQEQAzGnOBPKXsuffrpKVAXrlWkOAqRdHkdpHwgpuDxDGRpHpaidewYJlixtmJxFpZNApgzhBpnmuphiiQRqCNKcgzOGRJIfuLyIWkYnuKYbSiTDWJVLTsnwhlGLhAlKlDXzdjALAdLVdCvMpLrnJYZjsrlhXhYslzfNMorOaHZWMPZdQGlkURnhqWzgavcZtZPJTMpVEPlVNDsnDVtfkHgphVNITUvWoGxggegtUUrsOTvicENwvkdhragNwLNtrcTjySmjzlaPuSlpYxAMPvoGEVZcREEqaQFHCiKyhMgXMInOQGxUhhkPLBxKsQicBQMsNFcTECuyHCOtRCYcTcZGlnSJVJZBejAGFYNPuSSlvOTHIBWcvEkiWbvEBGnaadnZvxdanFczlEbLXDNTJWUBjMzpIBkqhDVAxPrdBWmVxwRQnZAPMVGlqXkxybvRSwXtwUTDOdAjAYiDnqeweJxzsOUFjAYspNEwbOwGwKIJlsKqEnKbsiBhLvJIBWpNuGFXItrtfQlImkWBJVhgwhVEmKFgQDqMRAHyVGFNibUcdvMDFpAOuvtlUSERuKFSMTYHOtcxJNKgvEiHJbHTxSxoLpkBoBdBEVBhJBNUrFccwAeKsjxTSHUfegxqBmGUdtErpYmxhBHlIMWawaCScTksYNSekidPsJBPXRXqjfGFmOccNDvoyKxkWoBAScwFPHkMlqoRbOnLnhZowiGNxrnZGTQKfEbbrdbWFZmSytqatGBUHvUxJhqLbVYsFyCrdLnxVjzflQKVGancEVMQkiKDsjQQcnqhkxRMfTMMtdbqUkaUoxqcJvzAhkitJUFOGqKahfihFuPXbiuDHeZnJVqbmluKTZTGlgSGvndGJzsZhAuEfrjPgAlHOaWlHkoXBsveOMRlFZSPWLnaTWaedWvZgXylQcgnowlYpumSSznOlzdULRXFFXJMQVrhbMsnVIWpnDUBttOrdVJHJQNNCwsiszDeyugqpuWSrHYHZkHJvgPWRhQNIuFzHnuTLESOnBOwfaYlYzmcfuKoHWXhgfRKquJMumpyrSXtDxxaYlplYkGZXABmyvWRJoJcylPPKXmGQAFQXDFgXiWPREwsQiVPcMDMSCmSQShiZFAFxicTEwSpErFZUtIlObRhvcjAKNhhotwCVXJUHVxYtazVwyQcOguToaEScOljFYPFzPRVReXgfzPJIGISteUwQglFrdWYpZJscXAdibynWuHqeKXAjDHtvhxpXaxOsWqxkSgFVPmQQkquEypVhhAIWsLENfkmtYOXhCATgNxLapQaMylxdfaLXYGzKCvKCaPsHTrrrfdVFSkWCIPhcuxEqCFSzqFJHqsOPaVGUkYUemRDAZWoPdsVqbENqlbmfCoKmJGWXVPUEjHuajZiMavGTseybxRTjowacIhvYZMGcrtzWujReTvaIDtXIbDSrMhFvkPztwlkWfbyyhzETRzQnxuOjGrEsaCdtgzXTXoVHYKsdxMbJNWPuyxGATqYwUADGfiAkywCHSmtmiexyGzJbgMqiNgwganBklNSrEFuddpMzpwUMMfysbrFtnonnVjtbPqGKPAidgLFlHdnUdeavoLyKXjVShdwVVZyQdEEliJKPgybHxGHXaMHkjvHnZiubpEVlJgQdTMdPMVoXLjUHMUPQfxjNPMFlhcippryQgeDWeJuLFhyOAnIQhvvUiuYLZGjOWifNolhpXUYUqtJtRLFJmoKCUaMMueQSrQRajtMVpxYALnrUKKeQpnYJHOKuuJPPIkfURcOgndULKeJHoCmPfPyaeSfOyWYmjPCXknbOrlklIyVDbtVUramvxDADsGrvECbxpOxTMcZUDBBzBchMGWhKhcvbKoeKnLNdYnVxkrMrxKzKTydbvTXpxzSTAghDGBWgNQCOBkQiGpiXkLQDNLqSYeYAeAGcoApcnMaZwucvsCGAKvKPOifOgQOpjXzzgQKfbXPMUNOEGKPVEamlnSPzCjcaCPiOVakxerJYJGszYUHtxHpWAfLDOIouKWWWjlgxQCkOWMyooPIQVqjvecvrrJsZxLkScyVVlpCzWnRtqZfjmvxLmTqONVRMcPwqoFsWEDcMsyINzzsRBBYuYCjEqUpJZKeIeMvKmriRUrSoAHBTopOKLrSmIvGbNeWvtEELSojonuIhtKOmKsFiHruXmgyzPLxQpxbEXvKNRVdCgpIxIalmndvxQxjYGdRxHctowKrYxghyNEduxNczbZeBUqVGBClsiOjfefAeXoqGeSUHMIDbxRCMxLvByeqUtzAWgrFWZiZGSxkAyWDKFZLnmOPjIKbricGvZQfTkrNRvvEDjwIcPREDlWsmkbsCwcHsCmoiNeLLGBZtzXwstHDOMdWaXMtapMvENgxITQVcSkCAJXwqphSOORaGUACEDEQjHoSJUnHvqljnycMQIsqXJSduHOSEzxkwCefqcYuGvvSplXfSJWzNBBSHRwEfbpsDfLrloDyBWMQxAQDqxfxUKtUJougOkkWOpdiKtmyHoJKOuGtUFjRiqBMfPhhgdUhAOpDYBPQjFrkgZvMHwMliToMtlOmFmyyXqSpluzMRRebOfRzBuvktfgxEhIsEMQVQKricisKLZQLjghUNEjjxYkhrnpNUYAMwrqjhsFoLarwNNdBTGXgrCDFrtCWWSzxazRHTQkYcdxNHIbSXBrzVEbTPgXCiuwoMottGinvawkjtyAWPvpJqCbnTiVAvSfhQrNmGEStwdzsxkoxyQlALjcJaQmEoyBHJhpstMflUQgLTGoPVTeMPqUfxBLLAgsnbeJeHDJBQZPztFIxLZAlYwGuwMdwYvSbRvLjpzwXkixTGUzAMgmGzxsyizearEweLOPHliJJrcIvBmRsmNPatQOLGYjESdcnBvtRfhwPdZIxBIkdLJgCEStzGQYpiMdyWbFstjPTPdinTQuqvTJppmXqiKbHqOPNyJDsQymfepAvRzNKHGUbTUnhmcHuLyvLyHSCgylpUAzGrmZQHzJoimnyLMeLDWIspXXikWAqIGvdgvrcAdZMXQRwLjGoAWxpJcngfCeMvtOPISTFmsDaKzBtXcupwYImcVIELribwQNvCzOTdBFMaKZRxLfVaVxKzKHFSeFbYPzXFovnBrbXhdjfndPmzUdAOaBMkewKvoNtHnMUXBjrWDblEPAzGjaCgEvJIbbYlXHjOdmufivhmTFDPawCxqYbYWblrMdhikgpjKUeTiwVObCtIxgcMZFuEWGHVUBmaYBLcsoBPePZupAPqHcAYoJyXqEgNuVONPcdsvSXsxQopSaDKHNsHTQYrNfOdgJbGEzIfddKDWWFhUmsJOLZTeBaWgIRXhKpJmFsriYhWxbsQrXGHvRzLwuGYTlxhSSJzYFJKccjMlvtfGxxZXrdMPloBHoRzwmNUtLhqPVnAPGRwyaqRARHGHSZrMAfbRVWdJSebhEBKBPHkJQHBAjaBkGVcSQnLyzUvoboyHTbTRIDmXyWqGpqcExohAvgRSQMKleTEwGhFSdruGVBeIdgQhXCsbmlNxzvadOdekkvlbbGLgiSxmkWBYoaScYkFZaudAUxafblUanSWDnxgtomRxsTxYXCpCBRzwZJhuLsbqWVoTQauIVKduYZqqBLMzgKmnjTAnVeQTXZRqBZWkRVUtrPDWILzFFYCexBlXbRVspUItykCKwYbtKffDZJZHvAbFLdAPEiXNiAwUFxQGTPADUMSTwTlZNPJynOJRkyOzALbKRxsffOFwTYadItUdKjlvfnxncxVjZELxYREZHsXnqmQMdnLqrKBlIErSyzQWtfzoNvfwzEwvrWafKIIqzRPjVkcJviUKdyTFlXLWxoFTLSMETZMyDQpvCZJKIGPBntoGptnaBIwqGmljMztZrKpsAxomGlkPBVpOiYfGpTBHlDlEMMKYQseMSNkLAgVRoRSBIZnADWKLdkwIejxSvwJmVtGnAPrpLZIZIfJnVVrpSHYVQitIGbqSBgZmKzdelThqBitXVmLTMLRcLuaXKgZyzgaBLtHFjcasqZajVlprEjFBBecDRdfkpCBzKdLJazyIuZdshvHvwevoYqrEarSCWtBmVTRKrVuVfagEtgjSPEsLuMkLoPtxthPYIyNtVTjGlrqfSvxenuGmBzTxLMlDHbeDUGlcLMBtfrhwxUewpmNuETxkOrcUbVizmzxRgbZVtBaYLFUECSrkZMqupnMMwEvibVpaCVBeFrvmuGYtaIvOAPPbCKmLQeZUBWLvlmPDVDgBSMvUmAQxjaMgkOPoMRWOAlTouRQGQfubXUjpmFRwEsKZbWLcKstotnWeChNhxNuNGaMkExHxAycsIrVVZLookISRdcUoElJSVNNzXvGprOEmiDQlEOVsglrPDtebzBxNpwAoyXenKIPGFHAjhtrllkyNMEZjZXyouCWMtVDMVENXTqTqcEZNWeNfOIqIvDyLLgXoGItOaZuMtQgxDGZBIENsgNVXbtvvrDHXyxibZaasOgZeoEYpNlbdSywCswuXMUCspcGpgtxipWbTieukZWtxENqhMULvOGGbzsxWSPrsHjCNOSxNucUnzALxRIjNYwlGBeibUztUFByBHDDewauuqKMOTSWeCfDxdNacVPRKPXyrNldQrsBFQWErYXCbQHcPwQXeUohyNroDAGpmeWFZQEfjSRSwqMpTYdGvJqKILFAJYiYmlyyJtlmegeckseIpvmzYnulVVyHozfiGuVqyznnqbIAXdjavKnxsnoeleRClRiPRENsgIaGygwOdkXFvaNhKjDqj"`;
